

indent 0, line
hello1

indent 0, multiline
hello2

indent 3
   hello3

indent 3, multiline
   hello4
