# <<crowbar
# @component
# def greet(emit, name):
#     emit(f"hello, {name}!")
# 
# emit(nl, "hello", "world", indent, fl, greet("Gordon"))
# >>

helloworld
  hello, Gordon!
# <<end>>
