# <<crowbar
# @component
# def helloworld(emit):
#     emit("hello, ")
#     emit("world!")
# 
# emit(helloworld())
# >>
hello, world!
# <<end>>
